[demo.htmlcodex.com/pro/startup/index.html]
[backblue.gif]
[fade.gif]
[index.html]
[demo.htmlcodex.com/pro/startup/img/favicon.ico]
[cdnjs.cloudflare.com/ajax/libs/font-awesome/5.10.0/css/all.min.css]
[demo.htmlcodex.com/pro/startup/css/style.css]
[demo.htmlcodex.com/pro/startup/css/bootstrap.min.css]
[demo.htmlcodex.com/pro/startup/img/demo/home-1.jpg]
[demo.htmlcodex.com/pro/startup/index-1.html]
[demo.htmlcodex.com/pro/startup/index-2.html]
[demo.htmlcodex.com/pro/startup/img/demo/home-2.jpg]
[demo.htmlcodex.com/pro/startup/img/demo/about-1.jpg]
[demo.htmlcodex.com/pro/startup/about-1.html]
[demo.htmlcodex.com/pro/startup/about-2.html]
[demo.htmlcodex.com/pro/startup/img/demo/about-2.jpg]
[demo.htmlcodex.com/pro/startup/service-1.html]
[demo.htmlcodex.com/pro/startup/img/demo/service-1.jpg]
[demo.htmlcodex.com/pro/startup/service-2.html]
[demo.htmlcodex.com/pro/startup/img/demo/service-2.jpg]
[demo.htmlcodex.com/pro/startup/service-3.html]
[demo.htmlcodex.com/pro/startup/img/demo/service-3.jpg]
[demo.htmlcodex.com/pro/startup/img/demo/service-detail.jpg]
[demo.htmlcodex.com/pro/startup/img/demo/price-1.jpg]
[demo.htmlcodex.com/pro/startup/price-1.html]
[demo.htmlcodex.com/pro/startup/img/demo/price-2.jpg]
[demo.htmlcodex.com/pro/startup/price-2.html]
[demo.htmlcodex.com/pro/startup/img/demo/project.jpg]
[demo.htmlcodex.com/pro/startup/project.html]
[demo.htmlcodex.com/pro/startup/project-detail.html]
[demo.htmlcodex.com/pro/startup/img/demo/project-detail.jpg]
[demo.htmlcodex.com/pro/startup/img/demo/blog.jpg]
[demo.htmlcodex.com/pro/startup/blog.html]
[demo.htmlcodex.com/pro/startup/blog-detail.html]
[demo.htmlcodex.com/pro/startup/img/demo/blog-detail.jpg]
[demo.htmlcodex.com/pro/startup/team.html]
[demo.htmlcodex.com/pro/startup/img/demo/team.jpg]
[demo.htmlcodex.com/pro/startup/testimonial.html]
[demo.htmlcodex.com/pro/startup/img/demo/testimonial.jpg]
[demo.htmlcodex.com/pro/startup/img/demo/faq.jpg]
[demo.htmlcodex.com/pro/startup/faq.html]
[demo.htmlcodex.com/pro/startup/404.html]
[demo.htmlcodex.com/pro/startup/img/demo/404.jpg]
[demo.htmlcodex.com/pro/startup/img/demo/elements.jpg]
[demo.htmlcodex.com/pro/startup/contact.html]
[demo.htmlcodex.com/pro/startup/img/demo/contact.jpg]
[demo.htmlcodex.com/pro/startup/elements.html]
[demo.htmlcodex.com/pro/startup/index.html]
[demo.htmlcodex.com/pro/startup/img/favicon.html]
[cdnjs.cloudflare.com/ajax/libs/font-awesome/5.10.0/css/all.min.css]
[demo.htmlcodex.com/pro/startup/css/bootstrap.min.css]
[demo.htmlcodex.com/cdn-cgi/scripts/7d0fa10a/cloudflare-static/rocket-loader.min.js]
[demo.htmlcodex.com/pro/startup/img/hero-header.jpg]
[demo.htmlcodex.com/pro/startup/img/carousel-1.jpg]
[demo.htmlcodex.com/pro/startup/css/style.css]
[code.jquery.com/jquery-3.4.1.min.js]
[cdn.jsdelivr.net/npm/bootstrap-icons@1.4.1/font/bootstrap-icons.css]
[demo.htmlcodex.com/pro/startup/lib/animate/animate.min.css]
[demo.htmlcodex.com/pro/startup/lib/owlcarousel/assets/owl.carousel.min.css]
[demo.htmlcodex.com/pro/startup/lib/lightbox/css/lightbox.min.css]
[demo.htmlcodex.com/pro/startup/img/carousel-2.jpg]
[demo.htmlcodex.com/pro/startup/img/about.jpg]
[demo.htmlcodex.com/pro/startup/img/feature.jpg]
[demo.htmlcodex.com/pro/startup/img/testimonial-1.jpg]
[demo.htmlcodex.com/pro/startup/img/testimonial-2.jpg]
[demo.htmlcodex.com/pro/startup/img/testimonial-3.jpg]
[demo.htmlcodex.com/pro/startup/img/testimonial-4.jpg]
[demo.htmlcodex.com/pro/startup/img/team-1.jpg]
[demo.htmlcodex.com/pro/startup/img/team-2.jpg]
[demo.htmlcodex.com/pro/startup/img/team-3.jpg]
[demo.htmlcodex.com/pro/startup/img/blog-1.jpg]
[demo.htmlcodex.com/pro/startup/img/blog-2.jpg]
[demo.htmlcodex.com/pro/startup/img/blog-3.jpg]
[demo.htmlcodex.com/pro/startup/img/vendor-1.jpg]
[demo.htmlcodex.com/pro/startup/img/vendor-2.jpg]
[demo.htmlcodex.com/pro/startup/img/vendor-3.jpg]
[demo.htmlcodex.com/pro/startup/img/vendor-4.jpg]
[demo.htmlcodex.com/pro/startup/img/vendor-5.jpg]
[demo.htmlcodex.com/pro/startup/img/vendor-6.jpg]
[demo.htmlcodex.com/pro/startup/img/vendor-7.jpg]
[demo.htmlcodex.com/pro/startup/img/vendor-8.jpg]
[demo.htmlcodex.com/pro/startup/img/vendor-9.jpg]
[demo.htmlcodex.com/cdn-cgi/scripts/5c5dd728/cloudflare-static/email-decode.min.js]
[demo.htmlcodex.com/pro/startup/lib/wow/wow.min.js]
[demo.htmlcodex.com/pro/startup/lib/easing/easing.min.js]
[demo.htmlcodex.com/pro/startup/lib/waypoints/waypoints.min.js]
[demo.htmlcodex.com/pro/startup/lib/counterup/counterup.min.js]
[demo.htmlcodex.com/pro/startup/lib/isotope/isotope.pkgd.min.js]
[cdn.jsdelivr.net/npm/bootstrap@5.0.0/dist/js/bootstrap.bundle.min.js]
[demo.htmlcodex.com/pro/startup/lib/lightbox/js/lightbox.min.js]
[demo.htmlcodex.com/pro/startup/js/main.js]
[demo.htmlcodex.com/pro/startup/index-1.html]
[demo.htmlcodex.com/pro/startup/index-2.html]
[demo.htmlcodex.com/pro/startup/about-1.html]
[demo.htmlcodex.com/pro/startup/about-2.html]
[demo.htmlcodex.com/pro/startup/service-1.html]
[demo.htmlcodex.com/pro/startup/service-2.html]
[demo.htmlcodex.com/pro/startup/service-3.html]
[demo.htmlcodex.com/pro/startup/price-1.html]
[demo.htmlcodex.com/pro/startup/price-2.html]
[demo.htmlcodex.com/pro/startup/lib/owlcarousel/owl.carousel.min.js]
[demo.htmlcodex.com/pro/startup/service-detail.html]
[demo.htmlcodex.com/pro/startup/img/portfolio-1.jpg]
[demo.htmlcodex.com/pro/startup/img/portfolio-2.jpg]
[demo.htmlcodex.com/pro/startup/img/portfolio-3.jpg]
[demo.htmlcodex.com/pro/startup/img/portfolio-4.jpg]
[demo.htmlcodex.com/pro/startup/img/portfolio-5.jpg]
[demo.htmlcodex.com/pro/startup/img/portfolio-6.jpg]
[demo.htmlcodex.com/pro/startup/project.html]
[demo.htmlcodex.com/pro/startup/img/detail.jpg]
[demo.htmlcodex.com/pro/startup/project-detail.html]
[demo.htmlcodex.com/pro/startup/blog.html]
[demo.htmlcodex.com/pro/startup/img/user.jpg]
[demo.htmlcodex.com/pro/startup/blog-detail.html]
[demo.htmlcodex.com/pro/startup/team.html]
[demo.htmlcodex.com/pro/startup/testimonial.html]
[demo.htmlcodex.com/pro/startup/faq.html]
[demo.htmlcodex.com/pro/startup/404.html]
[demo.htmlcodex.com/pro/startup/elements.html]
[demo.htmlcodex.com/pro/startup/img/demo/team.jpg]
[demo.htmlcodex.com/pro/startup/contact.html]
[demo.htmlcodex.com/pro/startup/mail/contact-form.js]
[cdn.jsdelivr.net/npm/bootstrap-icons@1.4.1/font/fonts/bootstrap-iconsfb95.woff2]
[demo.htmlcodex.com/pro/startup/mail/jqBootstrapValidation.min.js]
[cdn.jsdelivr.net/npm/bootstrap-icons@1.4.1/font/fonts/bootstrap-iconsfb95.woff]
[cdn.jsdelivr.net/npm/bootstrap-icons@1.4.1/font/bootstrap-icons.css]
[demo.htmlcodex.com/pro/startup/lib/animate/animate.min.css]
[demo.htmlcodex.com/pro/startup/lib/owlcarousel/assets/owl.video.play.png]
[demo.htmlcodex.com/pro/startup/lib/owlcarousel/assets/owl.carousel.min.css]
[demo.htmlcodex.com/pro/startup/lib/lightbox/images/loading.gif]
[demo.htmlcodex.com/pro/startup/lib/lightbox/css/lightbox.min.css]
[demo.htmlcodex.com/pro/startup/service-detail.html]
